                     [SAS GENMOD] ind correlation structure                    1

                              The GENMOD Procedure

                               Model Information

                         Data Set              WORK.POP
                         Distribution            Normal
                         Link Function         Identity
                         Dependent Variable       y_gfr


                    Number of Observations Read     3800943
                    Number of Observations Used     3800943


                            Class Level Information
 
    Class      Levels    Values

    subid     1266981    1 2 3 4 5 6 7 8 9 10 11 12 13 14 15 16 17 18 19 20
                         21 22 23 24 25 26 27 28 29 30 31 32 33 34 35 36 37
                         38 39 40 41 42 43 44 45 46 47 48 49 50 51 52 53 54
                         55 56 57 58 59 60 61 62 63 64 65 66 67 68 69 70 71
                         72 73 74 75 76 77 78 79 80 81 82 83 84 85 86 87   
                         ...                                               


                             Parameter Information
 
                         Parameter       Effect

                         Prm1            Intercept    
                         Prm2            x17          
                         Prm3            x12          
                         Prm4            x18          
                         Prm5            y_bmi        
                         Prm6            age_strat_new
                         Prm7            x6           


  Algorithm converged.                                                       


                             GEE Model Information

             Correlation Structure                      Independent
             Subject Effect                  subid (1266981 levels)
             Number of Clusters                             1266981
             Correlation Matrix Dimension                         3
             Maximum Cluster Size                                 3
             Minimum Cluster Size                                 3


  Algorithm converged.                                                       


                     [SAS GENMOD] ind correlation structure                    2

                              The GENMOD Procedure

                               GEE Fit Criteria

                             QIC      3800965.2879
                             QICu     3800950.0000


                      Analysis Of GEE Parameter Estimates
                       Empirical Standard Error Estimates
 
                              Standard   95% Confidence
       Parameter     Estimate    Error       Limits            Z Pr > |Z|

       Intercept     107.0774   0.1000 106.8814 107.2734 1070.56   <.0001
       x17            -1.6103   0.0230  -1.6554  -1.5652  -69.92   <.0001
       x12             8.6967   0.0235   8.6506   8.7428  370.04   <.0001
       x18            -7.9152   0.0270  -7.9681  -7.8623 -293.21   <.0001
       y_bmi           0.0284   0.0011   0.0262   0.0306   25.05   <.0001
       age_strat_new  -4.7686   0.0363  -4.8398  -4.6975 -131.36   <.0001
       x6              5.8681   0.0016   5.8650   5.8713 3609.50   <.0001
                    [SAS GENMOD] exch correlation structure                    3

                              The GENMOD Procedure

                               Model Information

                         Data Set              WORK.POP
                         Distribution            Normal
                         Link Function         Identity
                         Dependent Variable       y_gfr


                    Number of Observations Read     3800943
                    Number of Observations Used     3800943


                            Class Level Information
 
    Class      Levels    Values

    subid     1266981    1 2 3 4 5 6 7 8 9 10 11 12 13 14 15 16 17 18 19 20
                         21 22 23 24 25 26 27 28 29 30 31 32 33 34 35 36 37
                         38 39 40 41 42 43 44 45 46 47 48 49 50 51 52 53 54
                         55 56 57 58 59 60 61 62 63 64 65 66 67 68 69 70 71
                         72 73 74 75 76 77 78 79 80 81 82 83 84 85 86 87   
                         ...                                               


                             Parameter Information
 
                         Parameter       Effect

                         Prm1            Intercept    
                         Prm2            x17          
                         Prm3            x12          
                         Prm4            x18          
                         Prm5            y_bmi        
                         Prm6            age_strat_new
                         Prm7            x6           


  Algorithm converged.                                                       


                             GEE Model Information

             Correlation Structure                     Exchangeable
             Subject Effect                  subid (1266981 levels)
             Number of Clusters                             1266981
             Correlation Matrix Dimension                         3
             Maximum Cluster Size                                 3
             Minimum Cluster Size                                 3


  Algorithm converged.                                                       


                    [SAS GENMOD] exch correlation structure                    4

                              The GENMOD Procedure

                             Exchangeable Working
                                  Correlation

                          Correlation    0.7329856506


                               GEE Fit Criteria

                             QIC      3800963.4154
                             QICu     3800950.0000


                      Analysis Of GEE Parameter Estimates
                       Empirical Standard Error Estimates
 
                              Standard   95% Confidence
       Parameter     Estimate    Error       Limits            Z Pr > |Z|

       Intercept     105.9799   0.0976 105.7887 106.1712 1086.25   <.0001
       x17            -1.5934   0.0230  -1.6386  -1.5483  -69.16   <.0001
       x12             8.6968   0.0235   8.6507   8.7429  369.84   <.0001
       x18            -7.9049   0.0270  -7.9578  -7.8520 -292.67   <.0001
       y_bmi           0.0680   0.0008   0.0665   0.0696   85.50   <.0001
       age_strat_new  -5.1666   0.0352  -5.2356  -5.0976 -146.70   <.0001
       x6              5.8287   0.0014   5.8259   5.8314 4181.62   <.0001
