                   [SUDAAN]Independent correlation structure                  21

 
 
                                  S U D A A N
            Software for the Statistical Analysis of Correlated Data
          Copyright       Research Triangle Institute       March 2018
                                 Release 11.0.3
 
 
DESIGN SUMMARY: Variances will be computed using the Taylor Linearization
Method, Assuming a With Replacement (WR) Design
    Sample Weight: _ONE_
    Stratification Variables(s): STRAT_RECODED
    Primary Sampling Unit: BGID
 
 
Number of observations read       :3800943    Weighted count:  3800943
Observations used in the analysis :3800943    Weighted count:  3800943
Denominator degrees of freedom    :    748
 
 
Maximum number of estimable parameters for the model is  7
 
File POP contains 633602 Clusters
633602 clusters were used to fit the model
Maximum cluster size is  33 records
Minimum cluster size is   3 records
 
Weighted mean response is 134.587703
 
 
Multiple R-Square for the dependent variable Y_GFR: 0.784415
                                                                                
                                                                                
                                                                                
Date: 07-17-2025                     SUDAAN                          Page:  1   
Time: 19:38:32                                                       Table: 1   
                                                                                
Variance Estimation Method: Taylor Series (WR)                                  
SE Method: Robust (Zeger-Liang, 1986)                                           
Working Correlations: Independent                                               
Link Function: Identity                                                         
Response variable Y_GFR: Y_GFR                                                  
by: Independent Variables and Effects.                                          
                                                                                
------------------------------------------------------------------------        
Independent                                                                     
  Variables and        Beta                      Lower 95%    Upper 95%         
  Effects              Coeff.          SE Beta   Limit Beta   Limit Beta        
------------------------------------------------------------------------        
Intercept                  107.08         0.20       106.68       107.47        
X17                         -1.61         0.05        -1.70        -1.52        
X12                          8.70         0.02         8.65         8.74        
X18                         -7.92         0.04        -8.00        -7.83        
Y_BMI                        0.03         0.00         0.02         0.03        
AGE_STRAT_NEW               -4.77         0.05        -4.86        -4.67        
X6                           5.87         0.00         5.86         5.87        
------------------------------------------------------------------------        
                                                                                
                                                                                
                                                                                
Date: 07-17-2025                     SUDAAN                          Page:  2   
Time: 19:38:32                                                       Table: 1   
                                                                                
Variance Estimation Method: Taylor Series (WR)                                  
SE Method: Robust (Zeger-Liang, 1986)                                           
Working Correlations: Independent                                               
Link Function: Identity                                                         
Response variable Y_GFR: Y_GFR                                                  
by: Independent Variables and Effects.                                          
                                                                                
--------------------------------------------                                    
Independent                         P-value                                     
  Variables and                     T-Test                                      
  Effects              T-Test B=0   B=0                                         
--------------------------------------------                                    
Intercept                  531.92     0.0000                                    
X17                        -34.57     0.0000                                    
X12                        356.96     0.0000                                    
X18                       -188.82     0.0000                                    
Y_BMI                       15.08     0.0000                                    
AGE_STRAT_NEW              -99.40     0.0000                                    
X6                        2416.92     0.0000                                    
--------------------------------------------                                    
                                                                                
                                                                                
                                                                                
Date: 07-17-2025                     SUDAAN                          Page:  3   
Time: 19:38:32                                                       Table: 1   
                                                                                
Variance Estimation Method: Taylor Series (WR)                                  
SE Method: Robust (Zeger-Liang, 1986)                                           
Working Correlations: Independent                                               
Link Function: Identity                                                         
Response variable Y_GFR: Y_GFR                                                  
by: Contrast.                                                                   
                                                                                
-------------------------------------------------------                         
                                                                                
Contrast               Degrees                                                  
                       of                      P-value                          
                       Freedom        Wald F   Wald F                           
-------------------------------------------------------                         
OVERALL MODEL                 7   2355763.06     0.0000                         
MODEL MINUS                                                                     
  INTERCEPT                   6   2483028.71     0.0000                         
INTERCEPT                     1    282937.72     0.0000                         
X17                           1      1195.28     0.0000                         
X12                           1    127423.69     0.0000                         
X18                           1     35654.83     0.0000                         
Y_BMI                         1       227.43     0.0000                         
AGE_STRAT_NEW                 1      9880.91     0.0000                         
X6                            1   5841497.46     0.0000                         
-------------------------------------------------------                         
                   [SUDAAN]Exchangeable correlation structure                 25

 
 
                                  S U D A A N
            Software for the Statistical Analysis of Correlated Data
          Copyright       Research Triangle Institute       March 2018
                                 Release 11.0.3
 
 
DESIGN SUMMARY: Variances will be computed using the Taylor Linearization
Method, Assuming a With Replacement (WR) Design
    Sample Weight: _ONE_
    Stratification Variables(s): STRAT_RECODED
    Primary Sampling Unit: BGID
    Cluster Identification Variables: STRAT_RECODED BGID
        HHID
 
 
Number of observations read       :3800943    Weighted count:  3800943
Observations used in the analysis :3800943    Weighted count:  3800943
Denominator degrees of freedom    :    748
 
 
Maximum number of estimable parameters for the model is  7
 
File POP contains 633602 Clusters
633602 clusters were used to fit the model
Maximum cluster size is  33 records
Minimum cluster size is   3 records
 
Weighted mean response is 134.587703
 
 
Multiple R-Square for the dependent variable Y_GFR: 0.784410
                                                                                
                                                                                
                                                                                
Date: 07-17-2025                     SUDAAN                          Page:  1   
Time: 19:39:13                                                       Table: 1   
                                                                                
Variance Estimation Method: Taylor Series (WR)                                  
SE Method: Robust (Zeger-Liang, 1986)                                           
Working Correlations: Exchangeable                                              
Link Function: Identity                                                         
Response variable Y_GFR: Y_GFR                                                  
by: Independent Variables and Effects.                                          
                                                                                
------------------------------------------------------------------------        
Independent                                                                     
  Variables and        Beta                      Lower 95%    Upper 95%         
  Effects              Coeff.          SE Beta   Limit Beta   Limit Beta        
------------------------------------------------------------------------        
Intercept                  106.81         0.21       106.40       107.23        
X17                         -1.58         0.05        -1.67        -1.49        
X12                          8.70         0.03         8.65         8.75        
X18                         -7.78         0.03        -7.84        -7.72        
Y_BMI                        0.03         0.00         0.03         0.03        
AGE_STRAT_NEW               -4.80         0.05        -4.90        -4.70        
X6                           5.86         0.00         5.86         5.87        
------------------------------------------------------------------------        
                                                                                
                                                                                
                                                                                
Date: 07-17-2025                     SUDAAN                          Page:  2   
Time: 19:39:13                                                       Table: 1   
                                                                                
Variance Estimation Method: Taylor Series (WR)                                  
SE Method: Robust (Zeger-Liang, 1986)                                           
Working Correlations: Exchangeable                                              
Link Function: Identity                                                         
Response variable Y_GFR: Y_GFR                                                  
by: Independent Variables and Effects.                                          
                                                                                
--------------------------------------------                                    
Independent                         P-value                                     
  Variables and                     T-Test                                      
  Effects              T-Test B=0   B=0                                         
--------------------------------------------                                    
Intercept                  506.15     0.0000                                    
X17                        -33.57     0.0000                                    
X12                        336.03     0.0000                                    
X18                       -257.47     0.0000                                    
Y_BMI                       28.54     0.0000                                    
AGE_STRAT_NEW              -91.34     0.0000                                    
X6                        3146.37     0.0000                                    
--------------------------------------------                                    
                                                                                
                                                                                
                                                                                
Date: 07-17-2025                     SUDAAN                          Page:  3   
Time: 19:39:13                                                       Table: 1   
                                                                                
Variance Estimation Method: Taylor Series (WR)                                  
SE Method: Robust (Zeger-Liang, 1986)                                           
Working Correlations: Exchangeable                                              
Link Function: Identity                                                         
Response variable Y_GFR: Y_GFR                                                  
by: Contrast.                                                                   
                                                                                
-------------------------------------------------------                         
                                                                                
Contrast               Degrees                                                  
                       of                      P-value                          
                       Freedom        Wald F   Wald F                           
-------------------------------------------------------                         
OVERALL MODEL                 7   2382311.81     0.0000                         
MODEL MINUS                                                                     
  INTERCEPT                   6   2507434.46     0.0000                         
INTERCEPT                     1    256186.29     0.0000                         
X17                           1      1126.73     0.0000                         
X12                           1    112917.49     0.0000                         
X18                           1     66289.70     0.0000                         
Y_BMI                         1       814.74     0.0000                         
AGE_STRAT_NEW                 1      8343.64     0.0000                         
X6                            1   9899674.49     0.0000                         
-------------------------------------------------------                         
