                                 The SAS System                             5318
                                                    08:56 Friday, August 1, 2025

 
                                                     Empirical    Relative
      Effect             True Value      Estimate       Bias        Bias

      Intercept            106.8125        110.49      3.67766     0.03443
      age_strat_new         -4.7993         -4.55      0.24892    -0.05187
      x12                    8.7022          6.03     -2.66884    -0.30669
      x17                   -1.5806         -2.39     -0.81013     0.51254
      x18                   -7.7764         -5.20      2.57381    -0.33098
      x6                     5.8644          5.93      0.06656     0.01135
      y_bmi                  0.0321          0.04      0.01189     0.37023

                                   Relative
       Empirical     Estimated        SE                    P(reject
              SE            SE    difference    Coverage       H0)

            1.37          1.40      0.019222      0.272       1.000 
            0.56          0.57      0.010235      0.930       1.000 
            0.35          0.36      0.008699      0.000       1.000 
            0.34          0.35      0.025123      0.380       1.000 
            0.43          0.45      0.037440      0.000       1.000 
            0.03          0.03      0.027057      0.296       1.000 
            0.02          0.02     -0.014470      0.858       0.822 
                                 The SAS System                             5319
                                                    08:56 Friday, August 1, 2025

 
                                                     Empirical    Relative
      Effect             True Value      Estimate       Bias        Bias

      Intercept            107.0774        108.70      1.62532     0.01518
      age_strat_new         -4.7686         -4.63      0.14007    -0.02937
      x12                    8.6967          6.62     -2.08101    -0.23929
      x17                   -1.6103         -1.94     -0.33201     0.20618
      x18                   -7.9152         -5.90      2.01693    -0.25482
      x6                     5.8681          5.89      0.02025     0.00345
      y_bmi                  0.0284          0.03      0.00325     0.11439

                                   Relative
       Empirical     Estimated        SE                    P(reject
              SE            SE    difference    Coverage       H0)

            1.42          1.46      0.023388      0.820       1.000 
            0.53          0.55      0.024949      0.948       1.000 
            0.34          0.33     -0.040745      0.000       1.000 
            0.35          0.35     -0.006650      0.822       1.000 
            0.40          0.42      0.037816      0.002       1.000 
            0.03          0.03      0.038386      0.910       1.000 
            0.02          0.02      0.002935      0.950       0.418 
