                                 The SAS System                              802
                                                   23:37 Thursday, July 31, 2025

 
                                                     Empirical    Relative
      Effect             True Value      Estimate       Bias        Bias

      Intercept            106.8125        110.41      3.60049     0.03371
      age_strat_new         -4.7993         -4.59      0.20440    -0.04259
      x12                    8.7022          6.03     -2.67130    -0.30697
      x17                   -1.5806         -2.38     -0.79465     0.50274
      x18                   -7.7764         -5.18      2.59306    -0.33345
      x6                     5.8644          5.93      0.06889     0.01175
      y_bmi                  0.0321          0.05      0.01295     0.40327

                                   Relative
       Empirical     Estimated        SE                    P(reject
              SE            SE    difference    Coverage       H0)

            1.27          1.41      0.11190       0.28        1.00  
            0.54          0.57      0.04839       0.96        1.00  
            0.40          0.36     -0.10879       0.00        1.00  
            0.31          0.35      0.15262       0.40        1.00  
            0.45          0.45     -0.00151       0.00        1.00  
            0.03          0.03      0.06245       0.27        1.00  
            0.02          0.02     -0.03434       0.83        0.81  
                                 The SAS System                              803
                                                   23:37 Thursday, July 31, 2025

 
                                                     Empirical    Relative
      Effect             True Value      Estimate       Bias        Bias

      Intercept            107.0774        108.58      1.50336     0.01404
      age_strat_new         -4.7686         -4.67      0.09591    -0.02011
      x12                    8.6967          6.64     -2.06078    -0.23696
      x17                   -1.6103         -1.93     -0.31784     0.19738
      x18                   -7.9152         -5.89      2.02730    -0.25613
      x6                     5.8681          5.89      0.02241     0.00382
      y_bmi                  0.0284          0.03      0.00554     0.19491

                                   Relative
       Empirical     Estimated        SE                    P(reject
              SE            SE    difference    Coverage       H0)

            1.34          1.46      0.09146       0.86        1.00  
            0.47          0.55      0.17464       0.97        1.00  
            0.39          0.33     -0.15831       0.00        1.00  
            0.33          0.35      0.08006       0.83        1.00  
            0.40          0.42      0.06840       0.00        1.00  
            0.03          0.03      0.14729       0.93        1.00  
            0.02          0.02      0.02193       0.95        0.43  
